../Core/Src/main.c:104:5:main	32	static
../Core/Src/main.c:192:6:SystemClock_Config	88	static
../Core/Src/main.c:239:13:MX_ADC1_Init	56	static
../Core/Src/main.c:352:13:MX_ADC2_Init	40	static
../Core/Src/main.c:420:13:MX_FDCAN1_Init	8	static
../Core/Src/main.c:461:13:MX_DMA_Init	16	static
../Core/Src/main.c:483:13:MX_GPIO_Init	48	static
../Core/Src/main.c:536:6:HAL_FDCAN_RxFifo0Callback	16	static
../Core/Src/main.c:552:6:GetAnalogValueFromDMAinV	16	static
../Core/Src/main.c:566:6:Error_Handler	4	static,ignoring_inline_asm
