../Core/Src/main.c:100:5:main	32	static
../Core/Src/main.c:178:6:SystemClock_Config	88	static
../Core/Src/main.c:225:13:MX_ADC1_Init	56	static
../Core/Src/main.c:338:13:MX_ADC2_Init	40	static
../Core/Src/main.c:406:13:MX_FDCAN1_Init	8	static
../Core/Src/main.c:447:13:MX_DMA_Init	16	static
../Core/Src/main.c:469:13:MX_GPIO_Init	48	static
../Core/Src/main.c:522:6:HAL_FDCAN_RxFifo0Callback	16	static
../Core/Src/main.c:538:6:GetAnalogValueFromDMAinV	16	static
../Core/Src/main.c:552:6:Error_Handler	4	static,ignoring_inline_asm
